[www.paravision.ai/index.html]
[cookie-cdn.cookiepro.com/consent/4146cd09-7cba-4e2d-b8b8-acb369b4fcb3/OtAutoBlock.js]
[cookie-cdn.cookiepro.com/consent/4146cd09-7cba-4e2d-b8b8-acb369b4fcb3/otSDKStub.js]
[backblue.gif]
[fade.gif]
[index.html]
[www.paravision.ai/wp-content/themes/paravision-2022/static/js/cookie-pro-C0004.js]
[www.paravision.ai/wp-content/themes/paravision-2022/static/images/favicon/apple-touch-iconc81e.png]
[www.paravision.ai/wp-content/themes/paravision-2022/static/images/favicon/favicon-32x32c81e.png]
[www.paravision.ai/wp-content/themes/paravision-2022/static/images/favicon/favicon-16x16c81e.png]
[www.paravision.ai/site.webmanifest]
[www.paravision.ai/wp-includes/css/classic-themes.min68b3.css]
[www.paravision.ai/wp-content/themes/paravision-2022/static/css/style8bb0.css]
[www.paravision.ai/wp-content/themes/paravision-2022/static/fonts/Manrope-Bold.woff2]
[www.paravision.ai/wp-content/themes/paravision-2022/static/fonts/Manrope-Light.woff2]
[www.paravision.ai/wp-content/themes/paravision-2022/static/fonts/Manrope-SemiBold.woff2]
[www.paravision.ai/wp-content/themes/paravision-2022/static/fonts/Manrope-Regular.woff2]
[www.paravision.ai/wp-content/themes/paravision-2022/static/fonts/Manrope-Medium.woff2]
[www.paravision.ai/wp-content/themes/paravision-2022/static/images/paravision-logo-horizontal.svg]
[www.paravision.ai/wp-content/themes/paravision-2022/static/images/paravision-logo-horizontal-light.svg]
[www.paravision.ai/trust/index.html]
[www.paravision.ai/product/authentic-identity/index.html]
[www.paravision.ai/wp-content/uploads/2022/09/hero-video-cover.jpg]
[www.paravision.ai/product/identity/index.html]
[www.paravision.ai/product/index.html]
[www.paravision.ai/product/face-recognition/index.html]
[www.paravision.ai/wp-content/uploads/2022/05/home_page_header_video_1_1.mp4]
[www.paravision.ai/product/vision-ai/index.html]
[www.paravision.ai/wp-content/themes/paravision-2022/static/images/ico-arrow.svg]
[www.paravision.ai/applications/index.html]
[www.paravision.ai/wp-content/themes/paravision-2022/static/images/ico-arrow-2.svg]
[js.hs-scripts.com/6611607.js]
[www.paravision.ai/applications/government-programs/index.html]
[www.paravision.ai/applications/travel-and-borders/index.html]
[www.paravision.ai/wp-content/themes/paravision-2022/static/js/main-script.min9055.js]
[www.paravision.ai/applications/digital-identity-verification/index.html]
[www.paravision.ai/index.html]
[www.paravision.ai/cdn-cgi/scripts/7d0fa10a/cloudflare-static/rocket-loader.min.js]
[www.paravision.ai/applications/physical-security/index.html]
[www.paravision.ai/paravision.ai]
[www.paravision.ai/applications/automotive/index.html]
[www.paravision.ai/converge/index.html]
[www.paravision.ai/resources/index.html]
[js.hs-analytics.net/analytics/1647413100000/6611607.js]
[www.paravision.ai/newsroom/index.html]
[www.paravision.ai/contact/index.html]
[www.paravision.ai/careers/index.html]
[sc.lfeeder.com/lftracker_v1_lYNOR8xejnQ7WQJZ.js]
[www.paravision.ai/news/ai-principles-in-practice-ethical-development-and-conscientious-sale-of-vision-ai-technology/index.html]
[www.google-analytics.com/analytics.js]
[www.paravision.ai/category/blog-posts/index.html]
[www.paravision.ai/news/synthetic-media-and-deepfakes-opportunities-threats-and-protections/index.html]
[www.paravision.ai/news/paravision-debuts-latest-developments-in-vision-ai-at-converge-2022/index.html]
[www.paravision.ai/category/company-news/index.html]
[track.hubspot.com/__ptq.gif]
[www.paravision.ai/category/keynotes/index.html]
[cookie-cdn.cookiepro.com/consent/4146cd09-7cba-4e2d-b8b8-acb369b4fcb3/OtAutoBlock.js]
[www.paravision.ai/newsletter-subscribe/index.html]
[www.paravision.ai/company/index.html]
[www.paravision.ai/newsletter-unsubscribe/index.html]
[www.paravision.ai/ai-principles/index.html]
[www.paravision.ai/otBannerSdk.js]
[www.paravision.ai/privacy-policy/index.html]
[www.paravision.ai/anti-slavery-and-human-trafficking-statement/index.html]
[www.paravision.ai/GET]
[cookie-cdn.cookiepro.com/consent/4146cd09-7cba-4e2d-b8b8-acb369b4fcb3/otSDKStub.js]
[www.paravision.ai/site.html]
[www.paravision.ai/wp-includes/css/classic-themes.min68b3.css]
[www.paravision.ai/wp-content/themes/paravision-2022/static/fonts/PTSerif-Regular.woff2]
[www.paravision.ai/wp-content/themes/paravision-2022/static/fonts/PTSerif-Regular.woff]
[www.paravision.ai/wp-content/themes/paravision-2022/static/fonts/Manrope-ExtraBold.woff2]
[www.paravision.ai/wp-content/themes/paravision-2022/static/fonts/Manrope-ExtraBold.woff]
[www.paravision.ai/wp-content/themes/paravision-2022/static/fonts/Manrope-Medium.woff]
[www.paravision.ai/wp-content/themes/paravision-2022/static/fonts/Manrope-Light.woff]
[www.paravision.ai/wp-content/themes/paravision-2022/static/fonts/Manrope-Regular.woff]
[www.paravision.ai/wp-content/themes/paravision-2022/static/fonts/Manrope-Bold.woff]
[www.paravision.ai/wp-content/themes/paravision-2022/static/fonts/Manrope-SemiBold.woff]
[www.paravision.ai/wp-content/themes/paravision-2022/static/css/style8bb0.css]
[www.googletagmanager.com/gtm5445.html]
[www.paravision.ai/wp-content/themes/paravision-2022/static/images/paravision-logo-horizontal.svg]
[www.paravision.ai/wp-content/themes/paravision-2022/static/images/paravision-logo-horizontal-light.svg]
[www.paravision.ai/wp-content/uploads/2022/09/trust-header.jpg]
[www.paravision.ai/trust/index.html]
[www.paravision.ai/news/paravision-face-recognition-raises-the-bar-latest-nist-frvt-11/index.html]
[www.paravision.ai/wp-content/uploads/2022/03/face-recognition.jpg]
[www.paravision.ai/news/key-considerations-for-choosing-a-face-recognition-partner/index.html]
[www.paravision.ai/wp-content/uploads/2022/09/product-authentic-id.jpg]
[www.paravision.ai/wp-content/uploads/2022/12/identity_thumb.png]
[www.paravision.ai/wp-content/uploads/2022/12/product_fr_header_test-2-1.jpg]
[www.paravision.ai/cdn-cgi/l/email-protection.html]
[www.paravision.ai/product/index.html]
[www.paravision.ai/cdn-cgi/scripts/5c5dd728/cloudflare-static/email-decode.min.js]
[www.paravision.ai/wp-content/themes/paravision-2022/static/css/swiper.min8bb0.css]
[www.paravision.ai/wp-content/uploads/2022/03/cover-video-face-recognition.jpg]
[www.paravision.ai/wp-content/uploads/2022/03/face-recognition-video-product-page_1mbps.mp4]
[www.paravision.ai/wp-content/uploads/2022/03/ambarella-logo.svg]
[www.paravision.ai/wp-content/uploads/2022/03/intel-logo.svg]
[www.paravision.ai/wp-content/uploads/2022/03/dell-tech-logo.svg]
[www.paravision.ai/wp-content/uploads/2022/03/nvidia-logo.svg]
[www.paravision.ai/wp-content/uploads/2022/03/paravision-face-recognition-image-022x.jpg]
[www.paravision.ai/resource/paravision-face-recognition-product-suite/index.html]
[www.paravision.ai/resource/paravision-search/index.html]
[www.paravision.ai/resource/paravision-face-recognition-and-liveness-sdks-for-mobile-platforms/index.html]
[www.paravision.ai/wp-content/uploads/2021/09/datasheet_face-380x214.png]
[www.paravision.ai/resource/paravision-edge-ai-solutions-for-face-recognition/index.html]
[www.paravision.ai/resource/paravision-streaming-container-7/index.html]
[www.paravision.ai/wp-content/uploads/2022/10/faces-11-380x214.jpg]
[www.paravision.ai/wp-content/uploads/2022/02/edge_ai_1.1-380x214.jpg]
[www.paravision.ai/resource/understanding-edge-ai-and-its-impact-on-face-recognition/index.html]
[www.paravision.ai/wp-content/uploads/2020/07/image-quality-white-paper-380x214.png]
[www.paravision.ai/resource/face-recognition-biometric-image-quality/index.html]
[www.paravision.ai/wp-content/uploads/2022/02/face-recognition-in-air-travel_1.1-380x214.jpg]
[www.paravision.ai/wp-content/uploads/2022/01/paravision_dell_ebook_image-380x214.png]
[www.paravision.ai/product/face-recognition/index.html]
[www.paravision.ai/resource/face-recognition-and-the-future-air-travel-experience/index.html]
[www.paravision.ai/wp-content/themes/paravision-2022/static/js/swiper.min9055.js]
[www.paravision.ai/resource/advancing-the-frontiers-of-enterprise-security-with-dell-technologies/index.html]
[www.paravision.ai/wp-content/uploads/2022/09/paravision-authentic-identityjpg.jpg]
[www.paravision.ai/resource/an-introduction-to-presentation-attack-detection/index.html]
[www.paravision.ai/resource/authentic-identity-challenges-and-opportunities-in-physical-and-digital-domains/index.html]
[www.paravision.ai/resource/paravision-presentation-attack-detection-product-suite/index.html]
[www.paravision.ai/news/paravision-selected-for-government-deepfake-detection-program/index.html]
[www.paravision.ai/wp-content/uploads/2022/10/screen-shot-2022-10-03-at-2.34.17-pm-380x214.png]
[www.paravision.ai/wp-content/uploads/2022/10/screen-shot-2022-10-03-at-2.40.56-pm-380x214.png]
[www.paravision.ai/wp-content/uploads/2022/10/authentic_identity_1.1-1-380x214.jpg]
[www.paravision.ai/product/authentic-identity/index.html]
[www.paravision.ai/wp-content/uploads/2022/09/paravision-identity-plusjpg.jpg]
[www.paravision.ai/resource/paravision-attributes-sdk/index.html]
[www.paravision.ai/wp-content/uploads/2022/10/attributes-pexels-fauxels-3184398-380x214.jpg]
[www.paravision.ai/wp-content/uploads/2022/10/screen-shot-2022-10-03-at-2.53.02-pm-380x214.png]
[www.paravision.ai/wp-content/uploads/2022/02/an-introduction-to-presentation-attack-detection_1.1-380x214.jpg]
[www.paravision.ai/product/identity/index.html]
[www.paravision.ai/wp-content/uploads/2022/09/paravision-vision-ai-static-hero-image.jpg]
[www.paravision.ai/wp-content/uploads/2022/09/paravision-vision_ai_2.mp4]
[www.paravision.ai/wp-content/uploads/2021/09/datasheet_edge-380x214.png]
[www.paravision.ai/product/vision-ai/index.html]
[www.paravision.ai/wp-content/uploads/2022/12/security.jpg]
[www.paravision.ai/wp-content/uploads/2022/12/product_fr_header_test-5.jpg]
[www.paravision.ai/wp-content/uploads/2022/12/product_fr_header_test-4.jpg]
[www.paravision.ai/wp-content/uploads/2022/12/product_fr_header_test-2-2.jpg]
[www.paravision.ai/wp-content/uploads/2020/06/application-automotive-header.png]
[www.paravision.ai/applications/index.html]
[www.paravision.ai/wp-content/uploads/2022/01/app_govprograms_header.png]
[www.paravision.ai/wp-content/uploads/2022/01/ico_face_detection.svg]
[www.paravision.ai/wp-content/uploads/2022/01/ico_1to1.svg]
[www.paravision.ai/wp-content/uploads/2022/01/ico_1ton.svg]
[www.paravision.ai/resource/biometric-contactless-corridor-and-the-future-travel-experience/index.html]
[www.paravision.ai/applications/government-programs/index.html]
[www.paravision.ai/wp-content/uploads/2022/01/ico_face_liveness.svg]
[www.paravision.ai/wp-content/uploads/2022/01/app_travel_header.png]
[www.paravision.ai/wp-content/uploads/2022/01/ico_edge.svg]
[www.paravision.ai/applications/travel-and-borders/index.html]
[www.paravision.ai/wp-content/uploads/2022/01/ico_realtime_stream.svg]
[www.paravision.ai/wp-content/uploads/2022/01/app_digital_id_header.png]
[www.paravision.ai/wp-content/uploads/2022/01/image_qual.svg]
[www.paravision.ai/applications/digital-identity-verification/index.html]
[www.paravision.ai/wp-content/uploads/2022/01/ico_mobile-1.svg]
[www.paravision.ai/wp-content/uploads/2022/01/app_phys_sec_header.png]
[www.paravision.ai/applications/physical-security/index.html]
[www.paravision.ai/applications/automotive/index.html]
[www.paravision.ai/wp-content/uploads/2020/07/ico-electric-car.svg]
[www.paravision.ai/converge/index.html]
[www.paravision.ai/resources/index.html]
[www.paravision.ai/wp-content/themes/paravision-2022/static/images/tmp/logo-converge.svg]
[www.paravision.ai/resource-category/videos/index.html]
[www.paravision.ai/resource-category/white-papers/index.html]
[www.paravision.ai/resource-category/datasheets/index.html]
[www.paravision.ai/resource/converge-2022/index.html]
[www.paravision.ai/resource/paravision-converge-2021/index.html]
[www.paravision.ai/news/why-we-are-tackling-deepfakes/index.html]
[www.paravision.ai/wp-content/uploads/2023/01/ethical-ai-blog-visual.png]
[www.paravision.ai/newsroom/index.html]
[www.paravision.ai/news/amid-rapid-adoption-paravision-unveils-new-computer-vision-capabilities/index.html]
[www.paravision.ai/resource/future-borders-are-digital-there-are-two-sides-to-this-coin/index.html]
[www.paravision.ai/news/paravision-delivers-a-99-98-successful-match-rate-in-nists-paperless-travel-report/index.html]
[www.paravision.ai/resource/nist-frvt-1n-performance-assessment/index.html]
[www.paravision.ai/news/paravision-achieves-top-3-accuracy-ranking-on-the-nist-face-recognition-vendor-test-frvt-1n-identification-report/index.html]
[www.paravision.ai/wp-content/uploads/2021/11/pexels-liza-summer-6347901-1-786x1179.jpg]
[www.paravision.ai/careers/index.html]
[www.paravision.ai/contact/index.html]
[www.paravision.ai/resource/covid-19-enhanced-safety-security/index.html]
[www.paravision.ai/newsroom/page/2/index.html]
[www.paravision.ai/wp-content/themes/paravision-2022/static/images/ico-arrow.svg]
[www.paravision.ai/category/benchmarks/index.html]
[www.paravision.ai/category/partnerships/index.html]
[www.paravision.ai/wp-content/themes/paravision-2022/static/images/ico-arrow-2.svg]
[www.paravision.ai/category/technical-reference/index.html]
[www.paravision.ai/category/videos/index.html]
[www.paravision.ai/news/paravision-expands-its-work-on-u-s-air-force-contract-toward-next-generation-access-control-and-converged-identity/index.html]
[www.paravision.ai/news/paravision-appoints-former-u-s-senior-national-security-executive-bishop-garrison-as-vice-president-of-government-affairs-and-public-policy/index.html]
[www.paravision.ai/news/paravision-announces-asia-pacific-expansion/index.html]
[www.paravision.ai/news/paravision-names-kris-ranganath-as-senior-vice-president-of-innovation/index.html]
[www.paravision.ai/newsroom/page/3/index.html]
[www.paravision.ai/newsroom/page/4/index.html]
[www.paravision.ai/newsroom/page/5/index.html]
[www.paravision.ai/wp-content/themes/paravision-2022/static/images/ico-twitter.svg]
[www.paravision.ai/wp-content/themes/paravision-2022/static/images/ico-facebook.svg]
[www.paravision.ai/wp-content/themes/paravision-2022/static/images/ico-linkedin.svg]
[www.paravision.ai/wp-content/themes/paravision-2022/static/images/ico-telegram.svg]
[www.paravision.ai/news/ai-principles-in-practice-ethical-development-and-conscientious-sale-of-vision-ai-technology/index.html]
[www.paravision.ai/category/blog-posts/index.html]
[www.paravision.ai/wp-content/themes/paravision-2022/static/images/ico-arrow-left.svg]
[www.paravision.ai/category/blog-posts/page/2/index.html]
[www.paravision.ai/news/id-talk-podcast-paravisions-cpo-on-privacy-first-biometric-travel-experiences/index.html]
[www.paravision.ai/wp-content/uploads/2022/12/deepfakes_synthetics_blog_image1-1.png]
[www.paravision.ai/news/future-borders-are-digital/index.html]
[www.paravision.ai/news/white-paper-an-introduction-to-presentation-attack-detection/index.html]
[www.paravision.ai/news/paravision-face-recognition-delivers-top-tier-accuracy-in-newly-launched-nist-frvt-leaderboards/index.html]
[www.paravision.ai/news/why-we-are-closing-the-ever-photo-storage-service-and-what-it-means-for-paravision-face-recognition/index.html]
[www.paravision.ai/wp-content/uploads/2022/12/threats-of-deepfakes-and-synthetics-1.png]
[www.paravision.ai/wp-content/uploads/2022/12/protections-against-deepfakes-and-synthetics-1.png]
[www.paravision.ai/news/synthetic-media-and-deepfakes-opportunities-threats-and-protections/index.html]
[www.paravision.ai/news/paravision-debuts-latest-developments-in-vision-ai-at-converge-2022/index.html]
[www.paravision.ai/category/company-news/index.html]
[www.paravision.ai/category/keynotes/index.html]
[www.paravision.ai/contact.html]
[www.paravision.ai/newsletter-subscribe/index.html]
[www.paravision.ai/category/company-news/page/2/index.html]
[www.paravision.ai/news/paravision-face-recognition-delivers-top-performance-in-latest-dhs-biometric-test/index.html]
[www.paravision.ai/news/paravision-names-unity-global-sales-executive-laura-palmer-to-board-of-directors/index.html]
[www.paravision.ai/news/paravision-to-support-the-dod-jaic-data-readiness-program/index.html]
[www.paravision.ai/category/company-news/page/3/index.html]
[www.paravision.ai/category/company-news/page/4/index.html]
[www.paravision.ai/news/the-biometric-contactless-corridor-a-blueprint/index.html]
[www.paravision.ai/wp-content/uploads/2022/10/home_image2-scaled.jpg]
[www.paravision.ai/wp-content/uploads/2022/10/doug_aley_sq-287x287.png]
[www.paravision.ai/wp-content/themes/paravision-2022/static/images/ico-linkedin-square.svg]
[www.paravision.ai/wp-content/uploads/2022/10/benji_hutchinson-287x287.png]
[www.paravision.ai/wp-content/uploads/2022/10/tiffany_lee-287x287.png]
[www.paravision.ai/wp-content/uploads/2022/10/kamil_c_square-287x287.png]
[www.paravision.ai/wp-content/uploads/2022/10/charles_rice-287x287.png]
[www.paravision.ai/wp-content/uploads/2022/10/joey_pritikin-287x287.png]
[www.paravision.ai/wp-content/uploads/2022/10/kris_ranganath-287x287.png]
[www.paravision.ai/wp-content/uploads/2022/10/bishop_garrison-287x287.png]
[www.paravision.ai/wp-content/uploads/2022/10/stuart_lieblich-287x287.png]
[www.paravision.ai/company/index.html]
[www.paravision.ai/newsletter-unsubscribe/index.html]
[www.paravision.ai/ai-principles/index.html]
[www.paravision.ai/privacy-policy/index.html]
[www.paravision.ai/anti-slavery-and-human-trafficking-statement/index.html]
[www.paravision.ai/paravision.html]
[www.googletagmanager.com/gtm.html]
[www.paravision.ai/otBannerSdk.html]
[www.paravision.ai/GET.html]
[www.paravision.ai/news/key-considerations-for-choosing-a-face-recognition-partner/index.html]
[www.paravision.ai/news/paravision-face-recognition-raises-the-bar-latest-nist-frvt-11/index.html]
[www.paravision.ai/cdn-cgi/l/email-protection.html]
[www.paravision.ai/wp-content/themes/paravision-2022/static/css/swiper.min8bb0.css]
[www.paravision.ai/wp-content/uploads/2022/03/ambarella-logo.svg]
[www.paravision.ai/wp-content/uploads/2022/03/intel-logo.svg]
[www.paravision.ai/wp-content/uploads/2022/03/dell-tech-logo.svg]
[www.paravision.ai/wp-content/uploads/2022/03/nvidia-logo.svg]
[www.paravision.ai/wp-content/themes/paravision-2022/static/images/ico-arrow-top.svg]
[www.paravision.ai/news/paravisions-face-recognition-ranks-as-the-most-accurate-in-the-world/index.html]
[www.paravision.ai/news/paravision-appoints-chief-ai-ethics-advisor/index.html]
[www.paravision.ai/wp-content/uploads/2021/09/datasheet_face.png]
[www.paravision.ai/wp-content/uploads/2022/02/paravision_face_recognition_product_suite_datasheet-1.pdf]
[www.paravision.ai/resource/paravision-face-recognition-product-suite/index.html]
[www.paravision.ai/wp-content/themes/paravision-2022/static/images/arrow-down-white.svg]
[www.paravision.ai/wp-content/uploads/2022/10/faces-11.jpg]
[www.paravision.ai/wp-content/uploads/2022/02/paravision_search_datasheet.pdf]
[www.paravision.ai/resource/paravision-search/index.html]
[www.paravision.ai/wp-content/uploads/2022/10/screen-shot-2022-10-03-at-2.40.56-pm.png]
[www.paravision.ai/wp-content/uploads/2022/02/paravision_fr_and_liveness_for_mobile_platforms_datasheet-1.pdf]
[www.paravision.ai/resource/paravision-face-recognition-and-liveness-sdks-for-mobile-platforms/index.html]
[www.paravision.ai/wp-content/uploads/2021/09/datasheet_edge.png]
[www.paravision.ai/wp-content/uploads/2022/02/paravision_edge_ai_solutions_for_face_recognition_datasheet.pdf]
[www.paravision.ai/resource/paravision-edge-ai-solutions-for-face-recognition/index.html]
[www.paravision.ai/wp-content/uploads/2022/10/screen-shot-2022-10-03-at-2.53.02-pm.png]
[www.paravision.ai/wp-content/uploads/2022/02/paravision_streaming_container_datasheet.pdf]
[www.paravision.ai/resource/paravision-streaming-container-7/index.html]
[www.paravision.ai/resource/understanding-edge-ai-and-its-impact-on-face-recognition/index.html]
[www.paravision.ai/resource/face-recognition-biometric-image-quality/index.html]
[www.paravision.ai/resource/face-recognition-and-the-future-air-travel-experience/index.html]
[www.paravision.ai/resource/advancing-the-frontiers-of-enterprise-security-with-dell-technologies/index.html]
[www.paravision.ai/resource/authentic-identity-challenges-and-opportunities-in-physical-and-digital-domains/index.html]
[www.paravision.ai/wp-content/uploads/2022/10/screen-shot-2022-10-03-at-2.34.17-pm.png]
[www.paravision.ai/wp-content/uploads/2022/02/paravision_liveness_product_suite_datasheet.pdf]
[www.paravision.ai/resource/paravision-presentation-attack-detection-product-suite/index.html]
[www.paravision.ai/wp-content/uploads/2022/02/an-introduction-to-presentation-attack-detection_1.1-scaled.jpg]
[www.paravision.ai/wp-content/uploads/2022/02/paravision_an-introduction-to-presentation-attack-detection.pdf]
[www.paravision.ai/resource/an-introduction-to-presentation-attack-detection/index.html]
[www.paravision.ai/news/paravision-selected-for-government-deepfake-detection-program/index.html]
[www.paravision.ai/wp-content/uploads/2022/10/attributes-pexels-fauxels-3184398-scaled.jpg]
[www.paravision.ai/wp-content/uploads/2022/02/paravision_attributes-_sdk_datasheet-1.pdf]
[www.paravision.ai/resource/paravision-attributes-sdk/index.html]
[www.paravision.ai/wp-content/uploads/2022/03/cc_thumbnail-1.png]
[player.vimeo.com/api/player.js]
[www.paravision.ai/wp-content/uploads/2022/03/paravision_fte_presentation_download.pdf]
[www.paravision.ai/resource/biometric-contactless-corridor-and-the-future-travel-experience/index.html]
[www.paravision.ai/wp-content/uploads/2022/01/ico_face_detection.svg]
[www.paravision.ai/wp-content/uploads/2022/01/ico_1to1.svg]
[www.paravision.ai/wp-content/uploads/2022/01/ico_1ton.svg]
[www.paravision.ai/wp-content/uploads/2022/01/ico_face_liveness.svg]
[www.paravision.ai/wp-content/uploads/2022/01/ico_edge.svg]
[www.paravision.ai/wp-content/uploads/2022/01/ico_realtime_stream.svg]
[www.paravision.ai/wp-content/uploads/2022/01/image_qual.svg]
[www.paravision.ai/wp-content/uploads/2022/01/ico_mobile-1.svg]
[www.paravision.ai/wp-content/uploads/2020/07/ico-electric-car.svg]
[www.paravision.ai/wp-content/themes/paravision-2022/static/images/tmp/logo-converge.svg]
[www.paravision.ai/resource-category/videos/index.html]
[www.paravision.ai/resource-category/white-papers/index.html]
[www.paravision.ai/resource-category/datasheets/index.html]
[www.paravision.ai/resource/converge-2022/index.html]
[www.paravision.ai/resource/paravision-converge-2021/index.html]
[www.paravision.ai/news/why-we-are-tackling-deepfakes/index.html]
[www.paravision.ai/news/amid-rapid-adoption-paravision-unveils-new-computer-vision-capabilities/index.html]
[www.paravision.ai/news/paravision-delivers-a-99-98-successful-match-rate-in-nists-paperless-travel-report/index.html]
[www.paravision.ai/resource/future-borders-are-digital-there-are-two-sides-to-this-coin/index.html]
[www.paravision.ai/resource/nist-frvt-1n-performance-assessment/index.html]
[www.paravision.ai/news/paravision-achieves-top-3-accuracy-ranking-on-the-nist-face-recognition-vendor-test-frvt-1n-identification-report/index.html]
[www.paravision.ai/resource/covid-19-enhanced-safety-security/index.html]
[www.paravision.ai/newsroom/page/2/index.html]
[www.paravision.ai/category/benchmarks/index.html]
[www.paravision.ai/news/paravision-launches-gen-5-face-recognition-product-suite/index.html]
[www.paravision.ai/category/partnerships/index.html]
[www.paravision.ai/category/benchmarks/page/2/index.html]
[www.paravision.ai/category/technical-reference/index.html]
[www.paravision.ai/news/paravision-broadens-face-recognition-leadership-with-latest-nist-frvt-1-1-results/index.html]
[www.paravision.ai/category/videos/index.html]
[www.paravision.ai/news/nist-frvt-paperless-travel-july-2021/index.html]
[www.paravision.ai/news/paravision-expands-its-work-on-u-s-air-force-contract-toward-next-generation-access-control-and-converged-identity/index.html]
[www.paravision.ai/news/paravision-appoints-former-u-s-senior-national-security-executive-bishop-garrison-as-vice-president-of-government-affairs-and-public-policy/index.html]
[www.paravision.ai/news/paravision-raises-23-million/index.html]
[www.paravision.ai/news/paravision-announces-asia-pacific-expansion/index.html]
[www.paravision.ai/news/paravision-names-kris-ranganath-as-senior-vice-president-of-innovation/index.html]
[www.paravision.ai/newsroom/page/3/index.html]
[www.paravision.ai/newsroom/page/4/index.html]
[www.paravision.ai/newsroom/page/5/index.html]
[www.paravision.ai/wp-content/themes/paravision-2022/static/images/ico-twitter.svg]
[www.paravision.ai/wp-content/themes/paravision-2022/static/images/ico-facebook.svg]
[www.paravision.ai/wp-content/themes/paravision-2022/static/images/ico-linkedin.svg]
[www.paravision.ai/wp-content/themes/paravision-2022/static/images/ico-telegram.svg]
[www.paravision.ai/wp-content/themes/paravision-2022/static/images/ico-arrow-left.svg]
[www.paravision.ai/category/blog-posts/page/2/index.html]
[www.paravision.ai/news/id-talk-podcast-paravisions-cpo-on-privacy-first-biometric-travel-experiences/index.html]
[www.paravision.ai/news/future-borders-are-digital/index.html]
[www.paravision.ai/news/white-paper-an-introduction-to-presentation-attack-detection/index.html]
[www.paravision.ai/news/benji-hutchinson-president-coo/index.html]
[www.paravision.ai/news/paravision-accuracy-nist-frvt-feb-2021/index.html]
[paravision1.wpengine.com/wp-content/uploads/2020/08/nist-leaderboard-aug-2020-22x.jpg]
[www.paravision.ai/news/paravision-face-recognition-delivers-top-tier-accuracy-in-newly-launched-nist-frvt-leaderboards/index.html]
[www.paravision.ai/news/why-we-are-closing-the-ever-photo-storage-service-and-what-it-means-for-paravision-face-recognition/index.html]
[www.paravision.ai/contact.html]
[www.paravision.ai/category/company-news/page/2/index.html]
[www.paravision.ai/news/paravision-face-recognition-delivers-top-performance-in-latest-dhs-biometric-test/index.html]
[www.paravision.ai/news/paravision-names-unity-global-sales-executive-laura-palmer-to-board-of-directors/index.html]
[www.paravision.ai/news/paravision-to-support-the-dod-jaic-data-readiness-program/index.html]
[www.paravision.ai/category/company-news/page/3/index.html]
[www.paravision.ai/category/company-news/page/4/index.html]
[www.paravision.ai/news/the-biometric-contactless-corridor-a-blueprint/index.html]
[www.paravision.ai/wp-content/themes/paravision-2022/static/images/ico-linkedin-square.svg]
[www.paravision.ai/wp-content/themes/paravision-2022/static/images/ico-arrow-top.svg]
[www.paravision.ai/news/paravision-appoints-chief-ai-ethics-advisor/index.html]
[www.paravision.ai/news/paravisions-face-recognition-ranks-as-the-most-accurate-in-the-world/index.html]
[www.paravision.ai/wp-content/themes/paravision-2022/static/images/arrow-down-white.svg]
[www.paravision.ai/news/paravision-announces-next-generation-face-recognition-toolset/index.html]
[www.paravision.ai/news/paravision-launches-gen-5-face-recognition-product-suite/index.html]
[www.paravision.ai/category/benchmarks/page/2/index.html]
[www.paravision.ai/news/paravision-broadens-face-recognition-leadership-with-latest-nist-frvt-1-1-results/index.html]
[www.paravision.ai/news/nist-frvt-paperless-travel-july-2021/index.html]
[www.paravision.ai/news/paravision-raises-23-million/index.html]
[www.paravision.ai/news/paravision-accuracy-nist-frvt-feb-2021/index.html]
[www.paravision.ai/news/benji-hutchinson-president-coo/index.html]
[www.paravision.ai/wp-content/uploads/2020/09/paravision-fourth-gen-fr-accuracy-1058x784.png]
[www.paravision.ai/news/paravision-announces-next-generation-face-recognition-toolset/index.html]
